LCDConf.c:374:1:_Color2IndexBulk_M8888I_DMA2D	32	static
LCDConf.c:374:1:_Index2ColorBulk_M8888I_DMA2D	32	static
LCDConf.c:376:1:_Color2IndexBulk_M888_DMA2D	32	static
LCDConf.c:376:1:_Index2ColorBulk_M888_DMA2D	32	static
LCDConf.c:377:1:_Color2IndexBulk_M565_DMA2D	32	static
LCDConf.c:377:1:_Index2ColorBulk_M565_DMA2D	32	static
LCDConf.c:378:1:_Color2IndexBulk_M1555I_DMA2D	32	static
LCDConf.c:378:1:_Index2ColorBulk_M1555I_DMA2D	32	static
LCDConf.c:379:1:_Color2IndexBulk_M4444I_DMA2D	32	static
LCDConf.c:379:1:_Index2ColorBulk_M4444I_DMA2D	32	static
LCDConf.c:386:12:_GetPixelformat	24	static
LCDConf.c:438:13:_DMA2D_ITConfig	16	static
LCDConf.c:451:6:HAL_DMA2D_MspInit	24	static
LCDConf.c:462:6:HAL_DMA2D_MspDeInit	16	static
LCDConf.c:476:6:HAL_LTDC_MspInit	64	static
LCDConf.c:569:6:HAL_LTDC_MspDeInit	16	static
LCDConf.c:583:13:LCD_LL_LayerInit	72	static
LCDConf.c:637:13:LCD_LL_Init	8	static
LCDConf.c:693:6:DMA2D_IRQHandler	4	static
LCDConf.c:709:13:_DMA2D_ExecOperation	4	static
LCDConf.c:731:13:_DMA_Copy	32	static
LCDConf.c:770:13:_DMA_CopyRGB565	24	static
LCDConf.c:805:13:_DMA_Fill	32	static
LCDConf.c:841:13:_DMA_AlphaBlendingBulk	24	static
LCDConf.c:878:13:_DMA_MixColorsBulk	24	static
LCDConf.c:916:13:_DMA_ConvertColor	24	static
LCDConf.c:952:13:_DMA_DrawBitmapL8	24	static
LCDConf.c:988:12:_DMA_DrawBitmapA4	48	static
LCDConf.c:1053:13:_DMA_DrawAlphaBitmap	24	static
LCDConf.c:1087:13:_DMA_LoadLUT	16	static
LCDConf.c:1116:13:_DMA_AlphaBlending	24	static
LCDConf.c:1130:13:_DMA_Index2ColorBulk	32	static
LCDConf.c:1144:13:_DMA_Color2IndexBulk	32	static
LCDConf.c:1162:13:_LCD_MixColorsBulk	40	static
LCDConf.c:1185:12:_GetBufferSize	24	static
LCDConf.c:1201:13:_LCD_CopyBuffer	64	static
LCDConf.c:1224:13:_LCD_CopyRect	56	static
LCDConf.c:1246:13:_LCD_FillRect	48	static
LCDConf.c:1281:13:_LCD_DrawBitmap32bpp	56	static
LCDConf.c:1304:13:_LCD_DrawBitmap16bpp	56	static
LCDConf.c:1327:13:_LCD_DrawBitmap8bpp	72	static
LCDConf.c:1351:12:_LCD_DrawBitmap4bpp	72	static
LCDConf.c:1396:13:_LCD_DrawMemdev16bpp	40	static
LCDConf.c:1415:13:_LCD_DrawMemdevAlpha	48	static
LCDConf.c:1434:13:_LCD_DrawBitmapAlpha	64	static
LCDConf.c:1456:25:_LCD_GetpPalConvTable	32	static
LCDConf.c:1508:6:HAL_LTDC_LineEventCallback	24	static
LCDConf.c:1541:5:LCD_X_DisplayDriver	80	static
LCDConf.c:1691:6:LCD_X_Config	16	static
