stm32f7xx_hal_msp.c:67:6:HAL_MspInit	16	static
stm32f7xx_hal_msp.c:186:6:HAL_I2C_MspInit	48	static
stm32f7xx_hal_msp.c:239:6:HAL_I2C_MspDeInit	16	static
stm32f7xx_hal_msp.c:281:6:HAL_TIM_Base_MspInit	40	static
stm32f7xx_hal_msp.c:365:6:HAL_TIM_PWM_MspInit	24	static
stm32f7xx_hal_msp.c:382:6:HAL_TIM_MspPostInit	40	static
stm32f7xx_hal_msp.c:488:6:HAL_TIM_Base_MspDeInit	16	static
stm32f7xx_hal_msp.c:560:6:HAL_TIM_PWM_MspDeInit	16	static
stm32f7xx_hal_msp.c:577:6:HAL_UART_MspInit	48	static
stm32f7xx_hal_msp.c:637:6:HAL_UART_MspDeInit	16	static
stm32f7xx_hal_msp.c:683:13:HAL_FMC_MspInit	32	static
stm32f7xx_hal_msp.c:788:6:HAL_SDRAM_MspInit	16	static
stm32f7xx_hal_msp.c:800:13:HAL_FMC_MspDeInit	8	static
stm32f7xx_hal_msp.c:874:6:HAL_SDRAM_MspDeInit	16	static
